[18:22:50.555] [INFO] storybook v10.3.6
[18:22:50.635] [ERROR] [38;2;241;97;97mSB_CORE-SERVER_0007 (MainFileEvaluationError): Storybook couldn't evaluate your [33m.storybook/main.ts[39m file.

Original error:
[37mError [ERR_MODULE_NOT_FOUND]: Cannot find package 'remark-gfm' imported from /.storybook/main.ts
    at Object.getPackageJSONURL (node:internal/modules/package_json_reader:316:9)
    at packageResolve (node:internal/modules/esm/resolve:768:81)
    at moduleResolve (node:internal/modules/esm/resolve:858:18)
    at defaultResolve (node:internal/modules/esm/resolve:990:11)
    at nextResolve (node:internal/modules/esm/hooks:748:28)
    at Hooks.resolve (node:internal/modules/esm/hooks:240:30)
    at handleMessage (node:internal/modules/esm/worker:201:24)
    at Immediate.checkForMessages (node:internal/modules/esm/worker:143:28)
    at process.processImmediate (node:internal/timers:505:21)[39m[39m
    at loadMainConfig (file://./node_modules/.pnpm/storybook@10.3.6_@testing-library+dom@10.4.1_prettier@2.8.8_react-dom@19.2.5_react@19.2.5__react@19.2.5/node_modules/storybook/dist/_node-chunks/chunk-H4PWFMMO.js:11734:11)
    at async buildDevStandalone (file://./node_modules/.pnpm/storybook@10.3.6_@testing-library+dom@10.4.1_prettier@2.8.8_react-dom@19.2.5_react@19.2.5__react@19.2.5/node_modules/storybook/dist/core-server/index.js:7953:16)
    at async withTelemetry (file://./node_modules/.pnpm/storybook@10.3.6_@testing-library+dom@10.4.1_prettier@2.8.8_react-dom@19.2.5_react@19.2.5__react@19.2.5/node_modules/storybook/dist/_node-chunks/chunk-UYONHJJP.js:225:12)
    at async dev (file://./node_modules/.pnpm/storybook@10.3.6_@testing-library+dom@10.4.1_prettier@2.8.8_react-dom@19.2.5_react@19.2.5__react@19.2.5/node_modules/storybook/dist/bin/core.js:2736:3)
    at async _Command.<anonymous> (file://./node_modules/.pnpm/storybook@10.3.6_@testing-library+dom@10.4.1_prettier@2.8.8_react-dom@19.2.5_react@19.2.5__react@19.2.5/node_modules/storybook/dist/bin/core.js:2806:92)
[18:22:50.637] [WARN] Broken build, fix the error above.
You may need to refresh the browser.
[18:22:50.639] [WARN]   Failed to load preset: "/Users/gimgyeongjong/projects/ui-kit/.storybook/main.ts"
[18:22:50.639] [ERROR] Error [ERR_MODULE_NOT_FOUND]: Cannot find package 'remark-gfm' imported from ./.storybook/main.ts
    at Object.getPackageJSONURL (node:internal/modules/package_json_reader:316:9)
    at packageResolve (node:internal/modules/esm/resolve:768:81)
    at moduleResolve (node:internal/modules/esm/resolve:858:18)
    at defaultResolve (node:internal/modules/esm/resolve:990:11)
    at nextResolve (node:internal/modules/esm/hooks:748:28)
    at Hooks.resolve (node:internal/modules/esm/hooks:240:30)
    at handleMessage (node:internal/modules/esm/worker:201:24)
    at Immediate.checkForMessages (node:internal/modules/esm/worker:143:28)
    at process.processImmediate (node:internal/timers:505:21)